###############################################################################
#
# IAR ELF Linker V9.10.2.313/W64 for ARM                  09/Mar/2024  00:26:47
# Copyright 2007-2021 IAR Systems AB.
#
#    Output file  =
#        C:\Workspace\FreeRTOS_Test\Project\Debug\Exe\FreeRTOS_Test.out
#    Map file     =
#        C:\Workspace\FreeRTOS_Test\Project\Debug\List\FreeRTOS_Test.map
#    Command line =
#        -f C:\Workspace\FreeRTOS_Test\Project\Debug\Exe\FreeRTOS_Test.out.rsp
#        (C:\Workspace\FreeRTOS_Test\Project\Debug\Obj\Middleware\Libraries\util\app_util_platform.o
#        C:\Workspace\FreeRTOS_Test\Project\Debug\Obj\Kernel\FreeRTOS\croutine.o
#        C:\Workspace\FreeRTOS_Test\Project\Debug\Obj\Kernel\FreeRTOS\event_groups.o
#        C:\Workspace\FreeRTOS_Test\Project\Debug\Obj\Kernel\FreeRTOS\heap_1.o
#        C:\Workspace\FreeRTOS_Test\Project\Debug\Obj\Startup\iar_startup_nrf51.o
#        C:\Workspace\FreeRTOS_Test\Project\Debug\Obj\Kernel\FreeRTOS\list.o
#        C:\Workspace\FreeRTOS_Test\Project\Debug\Obj\Startup\main.o
#        C:\Workspace\FreeRTOS_Test\Project\Debug\Obj\Board_Support\MCU\clock\nrf_drv_clock.o
#        C:\Workspace\FreeRTOS_Test\Project\Debug\Obj\Kernel\FreeRTOS\port.o
#        C:\Workspace\FreeRTOS_Test\Project\Debug\Obj\Kernel\FreeRTOS\port_cmsis.o
#        C:\Workspace\FreeRTOS_Test\Project\Debug\Obj\Kernel\FreeRTOS\port_cmsis_systick.o
#        C:\Workspace\FreeRTOS_Test\Project\Debug\Obj\Kernel\FreeRTOS\queue.o
#        C:\Workspace\FreeRTOS_Test\Project\Debug\Obj\Startup\system_nrf51.o
#        C:\Workspace\FreeRTOS_Test\Project\Debug\Obj\Kernel\FreeRTOS\tasks.o
#        C:\Workspace\FreeRTOS_Test\Project\Debug\Obj\Kernel\FreeRTOS\timers.o
#        --redirect _Printf=_PrintfFull --redirect _Scanf=_ScanfFull
#        --no_out_extension -o
#        C:\Workspace\FreeRTOS_Test\Project\Debug\Exe\FreeRTOS_Test.out --map
#        C:\Workspace\FreeRTOS_Test\Project\Debug\List\FreeRTOS_Test.map
#        --config C:\Workspace\FreeRTOS_Test\Project\FreeRTOS_Test.icf --entry
#        __iar_program_start --inline --vfe --text_out locale)
#
###############################################################################

*******************************************************************************
*** RUNTIME MODEL ATTRIBUTES
***

CppFlavor       = *
__SystemLibrary = DLib
__dlib_version  = 6


*******************************************************************************
*** HEAP SELECTION
***

The basic heap was selected because no calls to memory allocation
functions were found in the application outside of system library
functions, and there are calls to deallocation functions in the
application.


*******************************************************************************
*** PLACEMENT SUMMARY
***

"A0":  place at address 0x1'b000 { ro section .intvec };
"P1":  place in [from 0x1'b000 to 0x3'ffff] { ro };
define block CSTACK with size = 2K, alignment = 8 { };
define block HEAP with size = 512, alignment = 8 { };
"P2":  place in [from 0x2000'1fe8 to 0x2000'7fff] {
          rw, block CSTACK, block HEAP };
initialize by copy { rw };
keep { section .intvec };

  Section            Kind         Address    Size  Object
  -------            ----         -------    ----  ------
"A0":                                        0xc0
  .intvec            ro code     0x1'b000    0xc0  iar_startup_nrf51.o [4]
                               - 0x1'b0c0    0xc0

"P1":                                      0x14f0
  .text              ro code     0x1'b0c0   0x674  tasks.o [2]
  .text              ro code     0x1'b734    0x50  heap_1.o [2]
  .text              ro code     0x1'b784     0xc  ABImemset_small.o [6]
  .text              ro code     0x1'b790    0x9c  port_cmsis.o [2]
  .text              ro code     0x1'b82c    0x8e  list.o [2]
  .text              ro code     0x1'b8ba    0x3e  packbits_init_single.o [6]
  .text              ro code     0x1'b8f8   0x2dc  timers.o [2]
  .text              ro code     0x1'bbd4   0x11c  port_cmsis_systick.o [2]
  .text              ro code     0x1'bcf0    0x72  port.o [2]
  .text              ro code     0x1'bd62     0x2  iar_startup_nrf51.o [4]
  .text              ro code     0x1'bd64   0x4a0  queue.o [2]
  .text              ro code     0x1'c204    0xe4  nrf_drv_clock.o [1]
  .text              ro code     0x1'c2e8    0x4e  ABImemcpy.o [6]
  .text              ro code     0x1'c336     0x2  iar_startup_nrf51.o [4]
  .text              ro code     0x1'c338    0x2c  app_util_platform.o [3]
  .text              ro code     0x1'c364    0xc4  system_nrf51.o [4]
  .text              ro code     0x1'c428    0x48  main.o [4]
  .text              ro code     0x1'c470    0x3c  zero_init3.o [6]
  .text              ro code     0x1'c4ac    0x2c  iar_startup_nrf51.o [4]
  .text              ro code     0x1'c4d8    0x28  data_init.o [6]
  .iar.init_table    const       0x1'c500    0x20  - Linker created -
  .text              ro code     0x1'c520    0x1e  cmain.o [6]
  .text              ro code     0x1'c53e     0x8  exit.o [5]
  .text              ro code     0x1'c546     0x2  iar_startup_nrf51.o [4]
  .text              ro code     0x1'c548     0xa  cexit.o [6]
  .text              ro code     0x1'c552     0x2  iar_startup_nrf51.o [4]
  .text              ro code     0x1'c554     0xc  XXexit.o [6]
  .text              ro code     0x1'c560    0x1c  cstartup_M.o [6]
  .text              ro code     0x1'c57c     0x2  iar_startup_nrf51.o [4]
  .text              ro code     0x1'c57e     0x2  iar_startup_nrf51.o [4]
  .text              ro code     0x1'c580     0x2  iar_startup_nrf51.o [4]
  .text              ro code     0x1'c582     0x2  iar_startup_nrf51.o [4]
  .text              ro code     0x1'c584     0x2  iar_startup_nrf51.o [4]
  .text              ro code     0x1'c586     0x2  iar_startup_nrf51.o [4]
  .text              ro code     0x1'c588     0x2  iar_startup_nrf51.o [4]
  .text              ro code     0x1'c58a     0x2  iar_startup_nrf51.o [4]
  .text              ro code     0x1'c58c     0x2  iar_startup_nrf51.o [4]
  .text              ro code     0x1'c58e     0x2  iar_startup_nrf51.o [4]
  .text              ro code     0x1'c590     0x2  iar_startup_nrf51.o [4]
  .text              ro code     0x1'c592     0x2  iar_startup_nrf51.o [4]
  .text              ro code     0x1'c594     0x2  iar_startup_nrf51.o [4]
  .text              ro code     0x1'c596     0x2  iar_startup_nrf51.o [4]
  .text              ro code     0x1'c598     0x2  iar_startup_nrf51.o [4]
  .text              ro code     0x1'c59a     0x2  iar_startup_nrf51.o [4]
  .text              ro code     0x1'c59c     0x2  iar_startup_nrf51.o [4]
  .text              ro code     0x1'c59e     0x2  iar_startup_nrf51.o [4]
  .text              ro code     0x1'c5a0     0x2  iar_startup_nrf51.o [4]
  .text              ro code     0x1'c5a2     0x2  iar_startup_nrf51.o [4]
  .text              ro code     0x1'c5a4     0x2  iar_startup_nrf51.o [4]
  .text              ro code     0x1'c5a6     0x2  iar_startup_nrf51.o [4]
  .rodata            const       0x1'c5a8     0x0  zero_init3.o [6]
  .rodata            const       0x1'c5a8     0x0  packbits_init_single.o [6]
  Initializer bytes  const       0x1'c5a8     0x8  <for P2-1>
                               - 0x1'c5b0  0x14f0

"P2", part 1 of 3:                           0x34
  P2-1                        0x2000'1fe8    0x34  <Init block>
    .data            inited   0x2000'1fe8     0x4  system_nrf51.o [4]
    .data            inited   0x2000'1fec    0x30  tasks.o [2]
                            - 0x2000'201c    0x34

"P2", part 2 of 3:                         0x111c
  .bss               zero     0x2000'201c  0x1008  heap_1.o [2]
  .bss               zero     0x2000'3024    0xac  tasks.o [2]
  .bss               zero     0x2000'30d0    0x3c  timers.o [2]
  .bss               zero     0x2000'310c    0x14  nrf_drv_clock.o [1]
  .bss               zero     0x2000'3120    0x10  queue.o [2]
  .bss               zero     0x2000'3130     0x4  app_util_platform.o [3]
  .bss               zero     0x2000'3134     0x4  port_cmsis.o [2]
                            - 0x2000'3138  0x111c

"P2", part 3 of 3:                          0x800
  CSTACK                      0x2000'3138   0x800  <Block>
    CSTACK           uninit   0x2000'3138   0x800  <Block tail>
                            - 0x2000'3938   0x800

Unused ranges:

         From           To      Size
         ----           --      ----
     0x1'c5b0     0x3'ffff  0x2'3a50
  0x2000'3938  0x2000'7fff    0x46c8


*******************************************************************************
*** INIT TABLE
***

          Address      Size
          -------      ----
Zero (__iar_zero_init3)
    1 destination range, total size 0x111c:
          0x2000'201c  0x111c

Copy/packbits (__iar_packbits_init_single3)
    1 source range, total size 0x8 (15% of destination):
             0x1'c5a8     0x8
    1 destination range, total size 0x34:
          0x2000'1fe8    0x34



*******************************************************************************
*** MODULE SUMMARY
***

    Module                  ro code  ro data  rw data
    ------                  -------  -------  -------
command line/config:
    -------------------------------------------------
    Total:

C:\Workspace\FreeRTOS_Test\Project\Debug\Obj\Board_Support\MCU\clock: [1]
    nrf_drv_clock.o             228                20
    -------------------------------------------------
    Total:                      228                20

C:\Workspace\FreeRTOS_Test\Project\Debug\Obj\Kernel\FreeRTOS: [2]
    heap_1.o                     80             4'104
    list.o                      142
    port.o                      114
    port_cmsis.o                156                 4
    port_cmsis_systick.o        284
    queue.o                   1'184                16
    tasks.o                   1'652        8      220
    timers.o                    732                60
    -------------------------------------------------
    Total:                    4'344        8    4'404

C:\Workspace\FreeRTOS_Test\Project\Debug\Obj\Middleware\Libraries\util: [3]
    app_util_platform.o          44                 4
    -------------------------------------------------
    Total:                       44                 4

C:\Workspace\FreeRTOS_Test\Project\Debug\Obj\Startup: [4]
    iar_startup_nrf51.o         288
    main.o                       72
    system_nrf51.o              196                 4
    -------------------------------------------------
    Total:                      556                 4

dl6M_tlf.a: [5]
    exit.o                        8
    -------------------------------------------------
    Total:                        8

rt6M_tl.a: [6]
    ABImemcpy.o                  78
    ABImemset_small.o            12
    XXexit.o                     12
    cexit.o                      10
    cmain.o                      30
    cstartup_M.o                 28
    data_init.o                  40
    packbits_init_single.o       62
    zero_init3.o                 60
    -------------------------------------------------
    Total:                      332

    Linker created                        32    2'048
-----------------------------------------------------
    Grand Total:              5'512       40    6'480


*******************************************************************************
*** ENTRY LIST
***

Entry                       Address    Size  Type      Object
-----                       -------    ----  ----      ------
.iar.init_table$$Base      0x1'c500           --   Gb  - Linker created -
.iar.init_table$$Limit     0x1'c520           --   Gb  - Linker created -
?main                      0x1'c521          Code  Gb  cmain.o [6]
CSTACK$$Base            0x2000'3138           --   Gb  - Linker created -
CSTACK$$Limit           0x2000'3938           --   Gb  - Linker created -
POWER_CLOCK_IRQHandler     0x1'c299    0x36  Code  Gb  nrf_drv_clock.o [1]
PendSV_Handler             0x1'bd21    0x42  Code  Gb  port.o [2]
RTC1_IRQHandler            0x1'bbd5    0x46  Code  Gb  port_cmsis_systick.o [2]
Region$$Table$$Base        0x1'c500           --   Gb  - Linker created -
Region$$Table$$Limit       0x1'c520           --   Gb  - Linker created -
SVC_Handler                0x1'bd1f     0x2  Code  Gb  port.o [2]
SystemCoreClock         0x2000'1fe8     0x4  Data  Gb  system_nrf51.o [4]
SystemInit                 0x1'c365    0xa6  Code  Gb  system_nrf51.o [4]
__ICFEDIT_region_RAM_end__ {Abs}
                        0x2000'7fff          Data  Gb  <internal module>
__ICFEDIT_region_RAM_start__ {Abs}
                        0x2000'1fe8          Data  Gb  <internal module>
__Vectors                  0x1'b000           --   Gb  iar_startup_nrf51.o [4]
__Vectors_End              0x1'b0c0          Data  Gb  iar_startup_nrf51.o [4]
__Vectors_Size {Abs}           0xc0           --   Gb  iar_startup_nrf51.o [4]
__aeabi_memcpy             0x1'c31d          Code  Gb  ABImemcpy.o [6]
__aeabi_memcpy4            0x1'c2e9          Code  Gb  ABImemcpy.o [6]
__aeabi_memcpy8            0x1'c2e9          Code  Gb  ABImemcpy.o [6]
__cmain                    0x1'c521          Code  Gb  cmain.o [6]
__exit                     0x1'c555          Code  Gb  XXexit.o [6]
__iar_Memcpy               0x1'c329          Code  Gb  ABImemcpy.o [6]
__iar_data_init3           0x1'c4d9    0x28  Code  Gb  data_init.o [6]
__iar_packbits_init_single3
                           0x1'b8bb    0x3e  Code  Gb  packbits_init_single.o [6]
__iar_program_start        0x1'c561          Code  Gb  cstartup_M.o [6]
__iar_small_Memset4_word
                           0x1'b785          Code  Gb  ABImemset_small.o [6]
__iar_small_Memset_word
                           0x1'b785          Code  Gb  ABImemset_small.o [6]
__iar_small_memset         0x1'b785          Code  Gb  ABImemset_small.o [6]
__iar_small_memset4        0x1'b785          Code  Gb  ABImemset_small.o [6]
__iar_small_memset8        0x1'b785          Code  Gb  ABImemset_small.o [6]
__iar_zero_init3           0x1'c471    0x3c  Code  Gb  zero_init3.o [6]
__vector_table             0x1'b000          Data  Gb  iar_startup_nrf51.o [4]
_call_main                 0x1'c52d          Code  Gb  cmain.o [6]
_exit                      0x1'c549          Code  Gb  cexit.o [6]
app_util_critical_region_enter
                           0x1'c349     0x2  Code  Gb  app_util_platform.o [3]
app_util_critical_region_exit
                           0x1'c35d     0x8  Code  Gb  app_util_platform.o [3]
app_util_enable_irq        0x1'c339     0xe  Code  Gb  app_util_platform.o [3]
clock_clk_started_notify
                           0x1'c273    0x26  Code  Lc  nrf_drv_clock.o [1]
eTaskConfirmSleepModeStatus
                           0x1'b5e9    0x14  Code  Gb  tasks.o [2]
exit                       0x1'c53f     0x8  Code  Gb  exit.o [5]
item_enqueue               0x1'c205    0x18  Code  Lc  nrf_drv_clock.o [1]
m_clock_cb              0x2000'310c    0x14  Data  Lc  nrf_drv_clock.o [1]
m_in_critical_region    0x2000'3130     0x4  Data  Lc  app_util_platform.o [3]
main                       0x1'c431    0x32  Code  Gb  main.o [4]
nrf_drv_clock_lfclk_request
                           0x1'c21d    0x4e  Code  Gb  nrf_drv_clock.o [1]
prvAddCurrentTaskToDelayedList
                           0x1'b5fd    0x30  Code  Lc  tasks.o [2]
prvCheckForValidListAndQueue
                           0x1'bb7d    0x48  Code  Lc  timers.o [2]
prvCopyDataFromQueue       0x1'c117    0x26  Code  Lc  queue.o [2]
prvCopyDataToQueue         0x1'c0a1    0x76  Code  Lc  queue.o [2]
prvGetExpectedIdleTime     0x1'b287    0x1c  Code  Lc  tasks.o [2]
prvIdleTask                0x1'b56d    0x78  Code  Lc  tasks.o [2]
prvInsertTimerInActiveList
                           0x1'bb47    0x34  Code  Lc  timers.o [2]
prvResetNextTaskUnblockTime
                           0x1'b62d    0x1e  Code  Lc  tasks.o [2]
prvSampleTimeNow           0x1'bad9    0x6e  Code  Lc  timers.o [2]
prvSampleTimeNow::xLastTime
                        0x2000'30e0     0x4  Data  Lc  timers.o [2]
prvTaskExitError           0x1'b7b1     0x4  Code  Lc  port_cmsis.o [2]
prvTimerTask               0x1'b9af   0x12a  Code  Lc  timers.o [2]
prvUnlockQueue             0x1'c13d    0x66  Code  Lc  queue.o [2]
pvPortMalloc               0x1'b735    0x46  Code  Gb  heap_1.o [2]
pvPortMalloc::pucAlignedHeap
                        0x2000'2020     0x4  Data  Lc  heap_1.o [2]
pvTaskIncrementMutexHeldCount
                           0x1'b715    0x14  Code  Gb  tasks.o [2]
pxCurrentTCB            0x2000'3038     0x4  Data  Gb  tasks.o [2]
pxCurrentTimerList      0x2000'30d0     0x4  Data  Lc  timers.o [2]
pxDelayedTaskList       0x2000'3078     0x4  Data  Lc  tasks.o [2]
pxOverflowDelayedTaskList
                        0x2000'307c     0x4  Data  Lc  tasks.o [2]
pxOverflowTimerList     0x2000'30d4     0x4  Data  Lc  timers.o [2]
pxPortInitialiseStack      0x1'b795    0x1c  Code  Gb  port_cmsis.o [2]
pxReadyTasksLists       0x2000'303c    0x3c  Data  Lc  tasks.o [2]
ucHeap                  0x2000'2024  0x1000  Data  Lc  heap_1.o [2]
ulPortDisableISR           0x1'bd65    0x22  Code  Lc  queue.o [2]
uxCriticalNesting       0x2000'3134     0x4  Data  Lc  port_cmsis.o [2]
uxCurrentNumberOfTasks  0x2000'2004     0x4  Data  Lc  tasks.o [2]
uxListRemove               0x1'b897    0x24  Code  Gb  list.o [2]
uxPendedTicks           0x2000'200c     0x4  Data  Lc  tasks.o [2]
uxSchedulerSuspended    0x2000'30a4     0x4  Data  Lc  tasks.o [2]
uxTaskNumber            0x2000'2014     0x4  Data  Lc  tasks.o [2]
uxTasksDeleted          0x2000'3080     0x4  Data  Lc  tasks.o [2]
uxTopReadyPriority      0x2000'309c     0x4  Data  Lc  tasks.o [2]
vListInitialise            0x1'b82d    0x1e  Code  Gb  list.o [2]
vListInsert                0x1'b863    0x34  Code  Gb  list.o [2]
vListInsertEnd             0x1'b84b    0x18  Code  Gb  list.o [2]
vPortDisableISR            0x1'b791     0x4  Code  Lc  port_cmsis.o [2]
vPortEnterCritical         0x1'b7f7     0xc  Code  Gb  port_cmsis.o [2]
vPortExitCritical          0x1'b803     0xe  Code  Gb  port_cmsis.o [2]
vPortRestoreISR            0x1'bd8d    0x12  Code  Lc  queue.o [2]
vPortSetupTimerInterrupt
                           0x1'bc1b    0x34  Code  Gb  port_cmsis_systick.o [2]
vPortStartFirstTask        0x1'bcf1    0x2e  Code  Gb  port.o [2]
vPortSuppressTicksAndSleep
                           0x1'bc4f    0x72  Code  Gb  port_cmsis_systick.o [2]
vPortTaskYield             0x1'b7e3    0x14  Code  Gb  port_cmsis.o [2]
vQueueAddToRegistry        0x1'c1a3    0x20  Code  Gb  queue.o [2]
vQueueWaitForMessageRestricted
                           0x1'c1c9    0x3c  Code  Gb  queue.o [2]
vTaskMissedYield           0x1'b565     0x8  Code  Gb  tasks.o [2]
vTaskPlaceOnEventList      0x1'b441    0x22  Code  Gb  tasks.o [2]
vTaskPlaceOnEventListRestricted
                           0x1'b47b    0x18  Code  Gb  tasks.o [2]
vTaskPriorityInherit       0x1'b66d    0x5e  Code  Gb  tasks.o [2]
vTaskSetTimeOutState       0x1'b4fd     0xe  Code  Gb  tasks.o [2]
vTaskStartScheduler        0x1'b239    0x3c  Code  Gb  tasks.o [2]
vTaskStepTick              0x1'b33f     0xa  Code  Gb  tasks.o [2]
vTaskSuspendAll            0x1'b27d     0xa  Code  Gb  tasks.o [2]
vTaskSwitchContext         0x1'b3f5    0x4c  Code  Gb  tasks.o [2]
vidTimerCallback           0x1'c429     0x4  Code  Lc  main.o [4]
xActiveTimerList1       0x2000'30e4    0x14  Data  Lc  timers.o [2]
xActiveTimerList2       0x2000'30f8    0x14  Data  Lc  timers.o [2]
xDelayedTaskList1       0x2000'30a8    0x14  Data  Lc  tasks.o [2]
xDelayedTaskList2       0x2000'30bc    0x14  Data  Lc  tasks.o [2]
xIdleTaskHandle         0x2000'2000     0x4  Data  Lc  tasks.o [2]
xNextFreeByte           0x2000'201c     0x4  Data  Lc  heap_1.o [2]
xNextTaskUnblockTime    0x2000'2018     0x4  Data  Lc  tasks.o [2]
xNumOfOverflows         0x2000'2010     0x4  Data  Lc  tasks.o [2]
xPendingReadyList       0x2000'3024    0x14  Data  Lc  tasks.o [2]
xPortStartScheduler        0x1'b7b5    0x2e  Code  Gb  port_cmsis.o [2]
xQueueGenericCreate        0x1'be07    0x3a  Code  Gb  queue.o [2]
xQueueGenericReceive       0x1'bf85   0x114  Code  Gb  queue.o [2]
xQueueGenericReset         0x1'bd9f    0x68  Code  Gb  queue.o [2]
xQueueGenericSend          0x1'be41    0xea  Code  Gb  queue.o [2]
xQueueGenericSendFromISR
                           0x1'bf2b    0x5a  Code  Gb  queue.o [2]
xQueueRegistry          0x2000'3120    0x10  Data  Gb  queue.o [2]
xSchedulerRunning       0x2000'2008     0x4  Data  Lc  tasks.o [2]
xSuspendedTaskList      0x2000'3084    0x14  Data  Lc  tasks.o [2]
xTaskCheckForTimeOut       0x1'b50b    0x5a  Code  Gb  tasks.o [2]
xTaskGenericCreate         0x1'b0c1   0x16c  Code  Gb  tasks.o [2]
xTaskGetSchedulerState     0x1'b64b    0x1c  Code  Gb  tasks.o [2]
xTaskGetTickCount          0x1'b339     0x6  Code  Gb  tasks.o [2]
xTaskIncrementTick         0x1'b355    0xa0  Code  Gb  tasks.o [2]
xTaskPriorityDisinherit
                           0x1'b6cb    0x4a  Code  Gb  tasks.o [2]
xTaskRemoveFromEventList
                           0x1'b49d    0x5a  Code  Gb  tasks.o [2]
xTaskResumeAll             0x1'b2a3    0x96  Code  Gb  tasks.o [2]
xTasksWaitingTermination
                        0x2000'1fec    0x14  Data  Lc  tasks.o [2]
xTickCount              0x2000'3098     0x4  Data  Lc  tasks.o [2]
xTimerCreate               0x1'b931    0x3a  Code  Gb  timers.o [2]
xTimerCreateTimerTask      0x1'b8f9    0x30  Code  Gb  timers.o [2]
xTimerGenericCommand       0x1'b96b    0x44  Code  Gb  timers.o [2]
xTimerQueue             0x2000'30d8     0x4  Data  Lc  timers.o [2]
xTimerTaskHandle        0x2000'30dc     0x4  Data  Lc  timers.o [2]
xYieldPending           0x2000'30a0     0x4  Data  Lc  tasks.o [2]


[1] = C:\Workspace\FreeRTOS_Test\Project\Debug\Obj\Board_Support\MCU\clock
[2] = C:\Workspace\FreeRTOS_Test\Project\Debug\Obj\Kernel\FreeRTOS
[3] = C:\Workspace\FreeRTOS_Test\Project\Debug\Obj\Middleware\Libraries\util
[4] = C:\Workspace\FreeRTOS_Test\Project\Debug\Obj\Startup
[5] = dl6M_tlf.a
[6] = rt6M_tl.a

  5'512 bytes of readonly  code memory
     40 bytes of readonly  data memory
  6'480 bytes of readwrite data memory

Errors: none
Warnings: none
